// Jest Snapshot v1, https://goo.gl/fbAQLP

exports[`GridContainer should render 1`] = `
ShallowWrapper {
  "length": 1,
  Symbol(enzyme.__root__): [Circular],
  Symbol(enzyme.__unrendered__): <GridContainer />,
  Symbol(enzyme.__renderer__): Object {
    "batchedUpdates": [Function],
    "getNode": [Function],
    "render": [Function],
    "simulateEvent": [Function],
    "unmount": [Function],
  },
  Symbol(enzyme.__node__): Object {
    "instance": null,
    "key": undefined,
    "nodeType": "host",
    "props": Object {
      "children": Array [
        Array [
          <NumberInput
            name="numberOne"
            onChange={[Function]}
          />,
          <NumberInput
            name="numberTwo"
            onChange={[Function]}
          />,
          <NumberInput
            name="numberThree"
            onChange={[Function]}
          />,
        ],
        <div
          className="grid-border flex-item"
        >
          0
        </div>,
      ],
      "className": "grid-border flex flex-wrap justify-content",
    },
    "ref": null,
    "rendered": Array [
      Object {
        "instance": null,
        "key": "numberOne",
        "nodeType": "function",
        "props": Object {
          "name": "numberOne",
          "onChange": [Function],
        },
        "ref": null,
        "rendered": null,
        "type": [Function],
      },
      Object {
        "instance": null,
        "key": "numberTwo",
        "nodeType": "function",
        "props": Object {
          "name": "numberTwo",
          "onChange": [Function],
        },
        "ref": null,
        "rendered": null,
        "type": [Function],
      },
      Object {
        "instance": null,
        "key": "numberThree",
        "nodeType": "function",
        "props": Object {
          "name": "numberThree",
          "onChange": [Function],
        },
        "ref": null,
        "rendered": null,
        "type": [Function],
      },
      Object {
        "instance": null,
        "key": undefined,
        "nodeType": "host",
        "props": Object {
          "children": 0,
          "className": "grid-border flex-item",
        },
        "ref": null,
        "rendered": 0,
        "type": "div",
      },
    ],
    "type": "div",
  },
  Symbol(enzyme.__nodes__): Array [
    Object {
      "instance": null,
      "key": undefined,
      "nodeType": "host",
      "props": Object {
        "children": Array [
          Array [
            <NumberInput
              name="numberOne"
              onChange={[Function]}
            />,
            <NumberInput
              name="numberTwo"
              onChange={[Function]}
            />,
            <NumberInput
              name="numberThree"
              onChange={[Function]}
            />,
          ],
          <div
            className="grid-border flex-item"
          >
            0
          </div>,
        ],
        "className": "grid-border flex flex-wrap justify-content",
      },
      "ref": null,
      "rendered": Array [
        Object {
          "instance": null,
          "key": "numberOne",
          "nodeType": "function",
          "props": Object {
            "name": "numberOne",
            "onChange": [Function],
          },
          "ref": null,
          "rendered": null,
          "type": [Function],
        },
        Object {
          "instance": null,
          "key": "numberTwo",
          "nodeType": "function",
          "props": Object {
            "name": "numberTwo",
            "onChange": [Function],
          },
          "ref": null,
          "rendered": null,
          "type": [Function],
        },
        Object {
          "instance": null,
          "key": "numberThree",
          "nodeType": "function",
          "props": Object {
            "name": "numberThree",
            "onChange": [Function],
          },
          "ref": null,
          "rendered": null,
          "type": [Function],
        },
        Object {
          "instance": null,
          "key": undefined,
          "nodeType": "host",
          "props": Object {
            "children": 0,
            "className": "grid-border flex-item",
          },
          "ref": null,
          "rendered": 0,
          "type": "div",
        },
      ],
      "type": "div",
    },
  ],
  Symbol(enzyme.__options__): Object {
    "adapter": ReactSixteenAdapter {
      "options": Object {
        "enableComponentDidUpdateOnSetState": true,
      },
    },
  },
}
`;
