// Jest Snapshot v1, https://goo.gl/fbAQLP

exports[`NumberInput should render 1`] = `
ShallowWrapper {
  "length": 1,
  Symbol(enzyme.__root__): [Circular],
  Symbol(enzyme.__unrendered__): <NumberInput
    name="test-component"
    onChange={[MockFunction]}
  />,
  Symbol(enzyme.__renderer__): Object {
    "batchedUpdates": [Function],
    "getNode": [Function],
    "render": [Function],
    "simulateEvent": [Function],
    "unmount": [Function],
  },
  Symbol(enzyme.__node__): Object {
    "instance": null,
    "key": undefined,
    "nodeType": "host",
    "props": Object {
      "className": "grid-border flex-item",
      "name": "test-component",
      "onChange": [MockFunction],
      "type": "number",
    },
    "ref": null,
    "rendered": null,
    "type": "input",
  },
  Symbol(enzyme.__nodes__): Array [
    Object {
      "instance": null,
      "key": undefined,
      "nodeType": "host",
      "props": Object {
        "className": "grid-border flex-item",
        "name": "test-component",
        "onChange": [MockFunction],
        "type": "number",
      },
      "ref": null,
      "rendered": null,
      "type": "input",
    },
  ],
  Symbol(enzyme.__options__): Object {
    "adapter": ReactSixteenAdapter {
      "options": Object {
        "enableComponentDidUpdateOnSetState": true,
      },
    },
  },
}
`;
